10
1.000000
2.000000
2.000000
3.000000
3.000000
5.000000
5.000000
7.000000
8.000000
9.000000
